create extension polar_masking;
show polar_masking.polar_masking_enabled;
 polar_masking.polar_masking_enabled 
-------------------------------------
 on
(1 row)

create table test1(a int, b text, c varchar, d name);
create schema test_masking;
create table test_masking.test2(a int, b text, c varchar, d name);
create table test_masking.test3(a int, b text);
create table test_masking.test4(a int, b text);
-- label create/drop
select polar_masking.polar_masking_create_label(NULL);
ERROR:  the label name can not be null
select polar_masking.polar_masking_create_label('label1');
 polar_masking_create_label 
----------------------------
 
(1 row)

select polar_masking.polar_masking_create_label('label1');
ERROR:  masking label name: "label1" already exists
select * from polar_masking.polar_masking_policy;
 labelid |  name  | operator 
---------+--------+----------
       1 | label1 |        0
(1 row)

select polar_masking.polar_masking_create_label('Label2');
 polar_masking_create_label 
----------------------------
 
(1 row)

select * from polar_masking.polar_masking_policy;
 labelid |  name  | operator 
---------+--------+----------
       1 | label1 |        0
       2 | Label2 |        0
(2 rows)

select polar_masking.polar_masking_drop_label(NULL);
ERROR:  the label name can not be null
select polar_masking.polar_masking_drop_label('Label_2');
ERROR:  masking label name: "Label_2" does not exist
select polar_masking.polar_masking_drop_label('Label2');
 polar_masking_drop_label 
--------------------------
 
(1 row)

select polar_masking.polar_masking_drop_label('Label2');
ERROR:  masking label name: "Label2" does not exist
select * from polar_masking.polar_masking_policy;
 labelid |  name  | operator 
---------+--------+----------
       1 | label1 |        0
(1 row)

-- label apply and remove test
select polar_masking.polar_masking_apply_label_to_table('Label2', NULL, 'test1');
ERROR:  the schema name can not be null
select polar_masking.polar_masking_apply_label_to_table(NULL, 'public', 'test1');
ERROR:  the label name can not be null
select polar_masking.polar_masking_apply_label_to_table('Label2', 'public', NULL);
ERROR:  the table name can not be null
select polar_masking.polar_masking_apply_label_to_table('Label2', 'public', 'test1');
ERROR:  masking label name: "Label2" does not exist
select polar_masking.polar_masking_apply_label_to_table('label1', 'abc', 'test1');
ERROR:  the relation "abc.test1" does not exist
select polar_masking.polar_masking_apply_label_to_table('label1', 'public', 'test11');
ERROR:  the relation "public.test11" does not exist
select polar_masking.polar_masking_apply_label_to_table('label1', 'public', 'test1');
 polar_masking_apply_label_to_table 
------------------------------------
 
(1 row)

select * from polar_masking.polar_masking_label_tab;
 labelid | relid 
---------+-------
       1 | 16424
(1 row)

select polar_masking.polar_masking_apply_label_to_table('label1', 'public', 'test1');
ERROR:  masking label already be applied on the table or the columns of this table, cannot apply the label now
HINT:  you have to remove the label applied on the table or table's column firstly
select polar_masking.polar_masking_apply_label_to_column('label1', 'public', 'test1', 'a');
ERROR:  masking label already be applied on the table or the column, cannot apply the label now
HINT:  you have to remove the label applied on the table or table's column firstly
select polar_masking.polar_masking_remove_table_from_label(NULL, 'public', 'test11');
ERROR:  the label name can not be null
select polar_masking.polar_masking_remove_table_from_label('label1', NULL, 'test11');
ERROR:  the schema name can not be null
select polar_masking.polar_masking_remove_table_from_label('label1', 'public', NULL);
ERROR:  the table name can not be null
select polar_masking.polar_masking_remove_table_from_label('label1', 'public','test11');
ERROR:  the relation "public.test11" does not exist
select polar_masking.polar_masking_remove_table_from_label('label1', 'public','test1');
 polar_masking_remove_table_from_label 
---------------------------------------
 
(1 row)

select * from polar_masking.polar_masking_label_tab;
 labelid | relid 
---------+-------
(0 rows)

select polar_masking.polar_masking_apply_label_to_column(NULL, 'public','test1', 'a');
ERROR:  the label name can not be null
select polar_masking.polar_masking_apply_label_to_column('label1', NULL,'test1', 'a');
ERROR:  the schema name can not be null
select polar_masking.polar_masking_apply_label_to_column('label1', 'public', NULL, 'a');
ERROR:  the table name can not be null
select polar_masking.polar_masking_apply_label_to_column('label1', 'public','test1', NULL);
ERROR:  the column name can not be null
select polar_masking.polar_masking_apply_label_to_column('label1', 'public','test1', 'a');
 polar_masking_apply_label_to_column 
-------------------------------------
 
(1 row)

select * from polar_masking.polar_masking_label_tab;
 labelid | relid 
---------+-------
(0 rows)

select * from polar_masking.polar_masking_label_col;
 labelid | relid | colid 
---------+-------+-------
       1 | 16424 |     1
(1 row)

select polar_masking.polar_masking_apply_label_to_column('label1', 'public','test1', 'a');
ERROR:  masking label already be applied on the table or the column, cannot apply the label now
HINT:  you have to remove the label applied on the table or table's column firstly
select polar_masking.polar_masking_apply_label_to_column('label1', 'public','test1', 'b');
 polar_masking_apply_label_to_column 
-------------------------------------
 
(1 row)

select * from polar_masking.polar_masking_label_col;
 labelid | relid | colid 
---------+-------+-------
       1 | 16424 |     1
       1 | 16424 |     2
(2 rows)

select polar_masking.polar_masking_apply_label_to_table('label1', 'public', 'test1');
ERROR:  masking label already be applied on the table or the columns of this table, cannot apply the label now
HINT:  you have to remove the label applied on the table or table's column firstly
select * from polar_masking.polar_masking_label_tab;
 labelid | relid 
---------+-------
(0 rows)

select polar_masking.polar_masking_remove_column_from_label('label1', 'public','test1', 'c');
ERROR:  masking label is not be applied on the column
select polar_masking.polar_masking_remove_column_from_label('label1', 'public','test11', 'c');
ERROR:  the relation "public.test11" does not exist
select polar_masking.polar_masking_remove_column_from_label('label1', 'public','test1', 'b');
 polar_masking_remove_column_from_label 
----------------------------------------
 
(1 row)

select * from polar_masking.polar_masking_label_col;
 labelid | relid | colid 
---------+-------+-------
       1 | 16424 |     1
(1 row)

select polar_masking.polar_masking_apply_label_to_column('label1', 'public','test1', 'b');
 polar_masking_apply_label_to_column 
-------------------------------------
 
(1 row)

select polar_masking.polar_masking_apply_label_to_column('label1', 'public','test1', 'c');
 polar_masking_apply_label_to_column 
-------------------------------------
 
(1 row)

select polar_masking.polar_masking_apply_label_to_table('label1', 'public','test2');
ERROR:  the relation "public.test2" does not exist
select polar_masking.polar_masking_apply_label_to_table('label1', 'test_masking','test2');
 polar_masking_apply_label_to_table 
------------------------------------
 
(1 row)

select polar_masking.polar_masking_apply_label_to_table('label1', 'test_masking','test3');
 polar_masking_apply_label_to_table 
------------------------------------
 
(1 row)

select polar_masking.polar_masking_create_label('label2');
 polar_masking_create_label 
----------------------------
 
(1 row)

select * from polar_masking.polar_masking_policy;
 labelid |  name  | operator 
---------+--------+----------
       1 | label1 |        0
       3 | label2 |        0
(2 rows)

select polar_masking.polar_masking_apply_label_to_column('label2', 'public','test1', 'd');
 polar_masking_apply_label_to_column 
-------------------------------------
 
(1 row)

select polar_masking.polar_masking_apply_label_to_table('label2', 'test_masking','test4');
 polar_masking_apply_label_to_table 
------------------------------------
 
(1 row)

select * from polar_masking.polar_masking_label_col;
 labelid | relid | colid 
---------+-------+-------
       1 | 16424 |     1
       1 | 16424 |     2
       1 | 16424 |     3
       3 | 16424 |     4
(4 rows)

select * from polar_masking.polar_masking_label_tab;
 labelid | relid 
---------+-------
       1 | 16430
       1 | 16435
       3 | 16440
(3 rows)

select polar_masking.polar_masking_drop_label('label1');
 polar_masking_drop_label 
--------------------------
 
(1 row)

-- masking operators test
drop table test1;
create table test1(a int, b text, c varchar, d name, e bpchar, f char);
insert into test1 values (1,'1000-1111-1111-0011', 'abc-1111-1111-0011', 'abc-1111-1111-@1aa', 'abbcc-xx-addd-@aa.a','a');
insert into test1 values (2,'1111111@aaaa.com', 'aaaabbbb@aaaa.com', 'ccccccaabbbb@a123a.com', 'd@a123.com','b');
insert into test1 values (3,'1111111@aaaa.com', '1abc-1111-1d11-0d011', '111111111', 'abcdefg','4');
insert into test1 values (4,'1111111@aaaa.com', '1abc-1111-1d11-0d011', '123456789', 'abcdefg123','c');
insert into test1 values (5,'1111111@aaaa.com', '1abc-1111-1d11-0d011', '123456789', 'abcdefg123','c');
select * from test1;
 a |          b          |          c           |           d            |          e          | f 
---+---------------------+----------------------+------------------------+---------------------+---
 1 | 1000-1111-1111-0011 | abc-1111-1111-0011   | abc-1111-1111-@1aa     | abbcc-xx-addd-@aa.a | a
 2 | 1111111@aaaa.com    | aaaabbbb@aaaa.com    | ccccccaabbbb@a123a.com | d@a123.com          | b
 3 | 1111111@aaaa.com    | 1abc-1111-1d11-0d011 | 111111111              | abcdefg             | 4
 4 | 1111111@aaaa.com    | 1abc-1111-1d11-0d011 | 123456789              | abcdefg123          | c
 5 | 1111111@aaaa.com    | 1abc-1111-1d11-0d011 | 123456789              | abcdefg123          | c
(5 rows)

select polar_masking.polar_masking_create_label('label1');
 polar_masking_create_label 
----------------------------
 
(1 row)

select polar_masking.polar_masking_apply_label_to_table('label1', 'public','test1');
 polar_masking_apply_label_to_table 
------------------------------------
 
(1 row)

select polar_masking.polar_masking_alter_label_maskingop('label1',  'creditcardmasking');
 polar_masking_alter_label_maskingop 
-------------------------------------
 
(1 row)

select * from test1;
 a |          b          |          c           |           d            |          e          | f 
---+---------------------+----------------------+------------------------+---------------------+---
 1 | xxxx-xxxx-xxxx-0011 | abc-xxxx-xxxx-0011   | abc-xxxx-xxxx-@1aa     | abbcc-xx-addd-@aa.a | a
 2 | xxxxxxx@aaaa.com    | aaaabbbb@aaaa.com    | ccccccaabbbb@axxxa.com | d@axxx.com          | b
 3 | xxxxxxx@aaaa.com    | xabc-xxxx-xdxx-xd011 | xxxxx1111              | abcdefg             | 4
 4 | xxxxxxx@aaaa.com    | xabc-xxxx-xdxx-xd011 | xxxxx6789              | abcdefg123          | c
 5 | xxxxxxx@aaaa.com    | xabc-xxxx-xdxx-xd011 | xxxxx6789              | abcdefg123          | c
(5 rows)

select polar_masking.polar_masking_alter_label_maskingop('label1',  'basicemailmasking');
 polar_masking_alter_label_maskingop 
-------------------------------------
 
(1 row)

select * from test1;
 a |          b          |          c           |           d            |          e          | f 
---+---------------------+----------------------+------------------------+---------------------+---
 1 | 1000-1111-1111-0011 | abc-1111-1111-0011   | xxxxxxxxxxxxxx@1aa     | xxxxxxxxxxxxxx@aa.a | a
 2 | xxxxxxx@aaaa.com    | xxxxxxxx@aaaa.com    | xxxxxxxxxxxx@a123a.com | x@a123.com          | b
 3 | xxxxxxx@aaaa.com    | 1abc-1111-1d11-0d011 | 111111111              | abcdefg             | 4
 4 | xxxxxxx@aaaa.com    | 1abc-1111-1d11-0d011 | 123456789              | abcdefg123          | c
 5 | xxxxxxx@aaaa.com    | 1abc-1111-1d11-0d011 | 123456789              | abcdefg123          | c
(5 rows)

select polar_masking.polar_masking_alter_label_maskingop('label1',  'fullemailmasking');
 polar_masking_alter_label_maskingop 
-------------------------------------
 
(1 row)

select * from test1;
 a |          b          |          c           |           d            |          e          | f 
---+---------------------+----------------------+------------------------+---------------------+---
 1 | 1000-1111-1111-0011 | abc-1111-1111-0011   | abc-1111-1111-@1aa     | xxxxxxxxxxxxxx@xx.a | a
 2 | xxxxxxx@xxxx.com    | xxxxxxxx@xxxx.com    | xxxxxxxxxxxx@xxxxx.com | x@xxxx.com          | b
 3 | xxxxxxx@xxxx.com    | 1abc-1111-1d11-0d011 | 111111111              | abcdefg             | 4
 4 | xxxxxxx@xxxx.com    | 1abc-1111-1d11-0d011 | 123456789              | abcdefg123          | c
 5 | xxxxxxx@xxxx.com    | 1abc-1111-1d11-0d011 | 123456789              | abcdefg123          | c
(5 rows)

select polar_masking.polar_masking_alter_label_maskingop('label1',  'alldigitsmasking');
 polar_masking_alter_label_maskingop 
-------------------------------------
 
(1 row)

select * from test1;
 a |          b          |          c           |           d            |          e          | f 
---+---------------------+----------------------+------------------------+---------------------+---
 1 | 0000-0000-0000-0000 | abc-0000-0000-0000   | abc-0000-0000-@0aa     | abbcc-xx-addd-@aa.a | a
 2 | 0000000@aaaa.com    | aaaabbbb@aaaa.com    | ccccccaabbbb@a000a.com | d@a000.com          | b
 3 | 0000000@aaaa.com    | 0abc-0000-0d00-0d000 | 000000000              | abcdefg             | 0
 4 | 0000000@aaaa.com    | 0abc-0000-0d00-0d000 | 000000000              | abcdefg000          | c
 5 | 0000000@aaaa.com    | 0abc-0000-0d00-0d000 | 000000000              | abcdefg000          | c
(5 rows)

select polar_masking.polar_masking_alter_label_maskingop('label1',  'shufflemasking');
 polar_masking_alter_label_maskingop 
-------------------------------------
 
(1 row)

select * from polar_masking.polar_masking_policy;
 labelid |  name  | operator 
---------+--------+----------
       3 | label2 |        0
       4 | label1 |        5
(2 rows)

select polar_masking.polar_masking_alter_label_maskingop('label1',  'randommasking');
 polar_masking_alter_label_maskingop 
-------------------------------------
 
(1 row)

select * from polar_masking.polar_masking_policy;
 labelid |  name  | operator 
---------+--------+----------
       3 | label2 |        0
       4 | label1 |        6
(2 rows)

select polar_masking.polar_masking_alter_label_maskingop('label1',  'maskall');
 polar_masking_alter_label_maskingop 
-------------------------------------
 
(1 row)

select * from test1;
 a |          b          |          c           |           d            |          e          | f 
---+---------------------+----------------------+------------------------+---------------------+---
 1 | xxxxxxxxxxxxxxxxxxx | xxxxxxxxxxxxxxxxxx   | xxxxxxxxxxxxxxxxxx     | xxxxxxxxxxxxxxxxxxx | x
 2 | xxxxxxxxxxxxxxxx    | xxxxxxxxxxxxxxxxx    | xxxxxxxxxxxxxxxxxxxxxx | xxxxxxxxxx          | x
 3 | xxxxxxxxxxxxxxxx    | xxxxxxxxxxxxxxxxxxxx | xxxxxxxxx              | xxxxxxx             | x
 4 | xxxxxxxxxxxxxxxx    | xxxxxxxxxxxxxxxxxxxx | xxxxxxxxx              | xxxxxxxxxx          | x
 5 | xxxxxxxxxxxxxxxx    | xxxxxxxxxxxxxxxxxxxx | xxxxxxxxx              | xxxxxxxxxx          | x
(5 rows)

select polar_masking.polar_masking_alter_label_maskingop_set_regexpmasking('label1', 5, 8, '[\d+]', 'z');
 polar_masking_alter_label_maskingop_set_regexpmasking 
-------------------------------------------------------
 
(1 row)

select * from polar_masking.polar_masking_policy;
 labelid |  name  | operator 
---------+--------+----------
       3 | label2 |        0
       4 | label1 |        7
(2 rows)

select * from polar_masking.polar_masking_policy_regex;
 labelid | start_pos | end_pos | regex | replace_text 
---------+-----------+---------+-------+--------------
       4 |         5 |       8 | [\d+] | z
(1 row)

select * from test1;
 a |          b          |          c           |           d            |          e          | f 
---+---------------------+----------------------+------------------------+---------------------+---
 1 | 1000-zzz1-1111-0011 | abc-zzzz-1111-0011   | abc-zzzz-1111-@1aa     | abbcc-xx-addd-@aa.a | a
 2 | 1111zzz@aaaa.com    | aaaabbbb@aaaa.com    | ccccccaabbbb@a123a.com | d@a1zz.com          | b
 3 | 1111zzz@aaaa.com    | 1abc-zzz1-1d11-0d011 | 1111zzzz1              | abcdefg             | 4
 4 | 1111zzz@aaaa.com    | 1abc-zzz1-1d11-0d011 | 1234zzzz9              | abcdefgz23          | c
 5 | 1111zzz@aaaa.com    | 1abc-zzz1-1d11-0d011 | 1234zzzz9              | abcdefgz23          | c
(5 rows)

select polar_masking.polar_masking_alter_label_maskingop_set_regexpmasking('label1', 2, 12, '[\d+]', 'z');
 polar_masking_alter_label_maskingop_set_regexpmasking 
-------------------------------------------------------
 
(1 row)

select * from polar_masking.polar_masking_policy;
 labelid |  name  | operator 
---------+--------+----------
       3 | label2 |        0
       4 | label1 |        7
(2 rows)

select * from polar_masking.polar_masking_policy_regex;
 labelid | start_pos | end_pos | regex | replace_text 
---------+-----------+---------+-------+--------------
       4 |         2 |      12 | [\d+] | z
(1 row)

select * from test1;
 a |          b          |          c           |           d            |          e          | f 
---+---------------------+----------------------+------------------------+---------------------+---
 1 | 1zzz-zzzz-zz11-0011 | abc-zzzz-zzz1-0011   | abc-zzzz-zzz1-@1aa     | abbcc-xx-addd-@aa.a | a
 2 | 1zzzzzz@aaaa.com    | aaaabbbb@aaaa.com    | ccccccaabbbb@a123a.com | d@azzz.com          | b
 3 | 1zzzzzz@aaaa.com    | 1abc-zzzz-zd11-0d011 | 1zzzzzzzz              | abcdefg             | 4
 4 | 1zzzzzz@aaaa.com    | 1abc-zzzz-zd11-0d011 | 1zzzzzzzz              | abcdefgzzz          | c
 5 | 1zzzzzz@aaaa.com    | 1abc-zzzz-zd11-0d011 | 1zzzzzzzz              | abcdefgzzz          | c
(5 rows)

select polar_masking.polar_masking_alter_label_maskingop('label1',  'creditcardmasking');
 polar_masking_alter_label_maskingop 
-------------------------------------
 
(1 row)

select * from polar_masking.polar_masking_policy;
 labelid |  name  | operator 
---------+--------+----------
       3 | label2 |        0
       4 | label1 |        1
(2 rows)

select * from polar_masking.polar_masking_policy_regex;
 labelid | start_pos | end_pos | regex | replace_text 
---------+-----------+---------+-------+--------------
(0 rows)

select * from test1;
 a |          b          |          c           |           d            |          e          | f 
---+---------------------+----------------------+------------------------+---------------------+---
 1 | xxxx-xxxx-xxxx-0011 | abc-xxxx-xxxx-0011   | abc-xxxx-xxxx-@1aa     | abbcc-xx-addd-@aa.a | a
 2 | xxxxxxx@aaaa.com    | aaaabbbb@aaaa.com    | ccccccaabbbb@axxxa.com | d@axxx.com          | b
 3 | xxxxxxx@aaaa.com    | xabc-xxxx-xdxx-xd011 | xxxxx1111              | abcdefg             | 4
 4 | xxxxxxx@aaaa.com    | xabc-xxxx-xdxx-xd011 | xxxxx6789              | abcdefg123          | c
 5 | xxxxxxx@aaaa.com    | xabc-xxxx-xdxx-xd011 | xxxxx6789              | abcdefg123          | c
(5 rows)

select polar_masking.polar_masking_alter_label_maskingop_set_regexpmasking('label1', -1, 12, '[\d+]', 'z');
ERROR:  the start or end position should >= 0
select polar_masking.polar_masking_alter_label_maskingop_set_regexpmasking('label1', 1, -12, '[\d+]', 'z');
ERROR:  the start or end position should >= 0
select polar_masking.polar_masking_alter_label_maskingop_set_regexpmasking('label1', 8, 4, '[\d+]', 'z');
ERROR:  the start position should not greater than end position(8 > 4) in regexpmasking
select polar_masking.polar_masking_alter_label_maskingop_set_regexpmasking('label1', 0, 0, '[\d+]', 'z');
 polar_masking_alter_label_maskingop_set_regexpmasking 
-------------------------------------------------------
 
(1 row)

select * from polar_masking.polar_masking_policy;
 labelid |  name  | operator 
---------+--------+----------
       3 | label2 |        0
       4 | label1 |        7
(2 rows)

select * from polar_masking.polar_masking_policy_regex;
 labelid | start_pos | end_pos | regex | replace_text 
---------+-----------+---------+-------+--------------
       4 |         0 |       0 | [\d+] | z
(1 row)

select * from test1;
 a |          b          |          c           |           d            |          e          | f 
---+---------------------+----------------------+------------------------+---------------------+---
 1 | zzzz-zzzz-zzzz-zzzz | abc-zzzz-zzzz-zzzz   | abc-zzzz-zzzz-@zaa     | abbcc-xx-addd-@aa.a | a
 2 | zzzzzzz@aaaa.com    | aaaabbbb@aaaa.com    | ccccccaabbbb@azzza.com | d@azzz.com          | b
 3 | zzzzzzz@aaaa.com    | zabc-zzzz-zdzz-zdzzz | zzzzzzzzz              | abcdefg             | z
 4 | zzzzzzz@aaaa.com    | zabc-zzzz-zdzz-zdzzz | zzzzzzzzz              | abcdefgzzz          | c
 5 | zzzzzzz@aaaa.com    | zabc-zzzz-zdzz-zdzzz | zzzzzzzzz              | abcdefgzzz          | c
(5 rows)

select polar_masking.polar_masking_alter_label_maskingop_set_regexpmasking('label1', 0, 3, '[\d+]', 'z');
 polar_masking_alter_label_maskingop_set_regexpmasking 
-------------------------------------------------------
 
(1 row)

select * from polar_masking.polar_masking_policy;
 labelid |  name  | operator 
---------+--------+----------
       3 | label2 |        0
       4 | label1 |        7
(2 rows)

select * from polar_masking.polar_masking_policy_regex;
 labelid | start_pos | end_pos | regex | replace_text 
---------+-----------+---------+-------+--------------
       4 |         0 |       3 | [\d+] | z
(1 row)

select * from test1;
 a |          b          |          c           |           d            |          e          | f 
---+---------------------+----------------------+------------------------+---------------------+---
 1 | zzz0-1111-1111-0011 | abc-1111-1111-0011   | abc-1111-1111-@1aa     | abbcc-xx-addd-@aa.a | a
 2 | zzz1111@aaaa.com    | aaaabbbb@aaaa.com    | ccccccaabbbb@a123a.com | d@a123.com          | b
 3 | zzz1111@aaaa.com    | zabc-1111-1d11-0d011 | zzz111111              | abcdefg             | z
 4 | zzz1111@aaaa.com    | zabc-1111-1d11-0d011 | zzz456789              | abcdefg123          | c
 5 | zzz1111@aaaa.com    | zabc-1111-1d11-0d011 | zzz456789              | abcdefg123          | c
(5 rows)

select polar_masking.polar_masking_alter_label_maskingop_set_regexpmasking('label1', 10, 0, '[\d+]', 'z');
 polar_masking_alter_label_maskingop_set_regexpmasking 
-------------------------------------------------------
 
(1 row)

select * from polar_masking.polar_masking_policy;
 labelid |  name  | operator 
---------+--------+----------
       3 | label2 |        0
       4 | label1 |        7
(2 rows)

select * from polar_masking.polar_masking_policy_regex;
 labelid | start_pos | end_pos | regex | replace_text 
---------+-----------+---------+-------+--------------
       4 |        10 |       0 | [\d+] | z
(1 row)

select * from test1;
 a |          b          |          c           |           d            |          e          | f 
---+---------------------+----------------------+------------------------+---------------------+---
 1 | 1000-1111-zzzz-zzzz | abc-1111-zzzz-zzzz   | abc-1111-zzzz-@zaa     | abbcc-xx-addd-@aa.a | a
 2 | 1111111@aaaa.com    | aaaabbbb@aaaa.com    | ccccccaabbbb@azzza.com | d@a123.com          | b
 3 | 1111111@aaaa.com    | 1abc-1111-zdzz-zdzzz | 111111111              | abcdefg             | 4
 4 | 1111111@aaaa.com    | 1abc-1111-zdzz-zdzzz | 123456789              | abcdefg12z          | c
 5 | 1111111@aaaa.com    | 1abc-1111-zdzz-zdzzz | 123456789              | abcdefg12z          | c
(5 rows)

create view test_view as select * from test1;
select * from test_view;
 a |          b          |          c           |           d            |          e          | f 
---+---------------------+----------------------+------------------------+---------------------+---
 1 | 1000-1111-zzzz-zzzz | abc-1111-zzzz-zzzz   | abc-1111-zzzz-@zaa     | abbcc-xx-addd-@aa.a | a
 2 | 1111111@aaaa.com    | aaaabbbb@aaaa.com    | ccccccaabbbb@azzza.com | d@a123.com          | b
 3 | 1111111@aaaa.com    | 1abc-1111-zdzz-zdzzz | 111111111              | abcdefg             | 4
 4 | 1111111@aaaa.com    | 1abc-1111-zdzz-zdzzz | 123456789              | abcdefg12z          | c
 5 | 1111111@aaaa.com    | 1abc-1111-zdzz-zdzzz | 123456789              | abcdefg12z          | c
(5 rows)

select polar_masking.polar_masking_alter_label_maskingop_set_regexpmasking('label1', 0, 0, '[\d+]', 'z');
 polar_masking_alter_label_maskingop_set_regexpmasking 
-------------------------------------------------------
 
(1 row)

select * from test_view;
 a |          b          |          c           |           d            |          e          | f 
---+---------------------+----------------------+------------------------+---------------------+---
 1 | zzzz-zzzz-zzzz-zzzz | abc-zzzz-zzzz-zzzz   | abc-zzzz-zzzz-@zaa     | abbcc-xx-addd-@aa.a | a
 2 | zzzzzzz@aaaa.com    | aaaabbbb@aaaa.com    | ccccccaabbbb@azzza.com | d@azzz.com          | b
 3 | zzzzzzz@aaaa.com    | zabc-zzzz-zdzz-zdzzz | zzzzzzzzz              | abcdefg             | z
 4 | zzzzzzz@aaaa.com    | zabc-zzzz-zdzz-zdzzz | zzzzzzzzz              | abcdefgzzz          | c
 5 | zzzzzzz@aaaa.com    | zabc-zzzz-zdzz-zdzzz | zzzzzzzzz              | abcdefgzzz          | c
(5 rows)

select polar_masking.polar_masking_alter_label_maskingop('label1',  'none');
 polar_masking_alter_label_maskingop 
-------------------------------------
 
(1 row)

select * from test_view;
 a |          b          |          c           |           d            |          e          | f 
---+---------------------+----------------------+------------------------+---------------------+---
 1 | 1000-1111-1111-0011 | abc-1111-1111-0011   | abc-1111-1111-@1aa     | abbcc-xx-addd-@aa.a | a
 2 | 1111111@aaaa.com    | aaaabbbb@aaaa.com    | ccccccaabbbb@a123a.com | d@a123.com          | b
 3 | 1111111@aaaa.com    | 1abc-1111-1d11-0d011 | 111111111              | abcdefg             | 4
 4 | 1111111@aaaa.com    | 1abc-1111-1d11-0d011 | 123456789              | abcdefg123          | c
 5 | 1111111@aaaa.com    | 1abc-1111-1d11-0d011 | 123456789              | abcdefg123          | c
(5 rows)

select * from test1;
 a |          b          |          c           |           d            |          e          | f 
---+---------------------+----------------------+------------------------+---------------------+---
 1 | 1000-1111-1111-0011 | abc-1111-1111-0011   | abc-1111-1111-@1aa     | abbcc-xx-addd-@aa.a | a
 2 | 1111111@aaaa.com    | aaaabbbb@aaaa.com    | ccccccaabbbb@a123a.com | d@a123.com          | b
 3 | 1111111@aaaa.com    | 1abc-1111-1d11-0d011 | 111111111              | abcdefg             | 4
 4 | 1111111@aaaa.com    | 1abc-1111-1d11-0d011 | 123456789              | abcdefg123          | c
 5 | 1111111@aaaa.com    | 1abc-1111-1d11-0d011 | 123456789              | abcdefg123          | c
(5 rows)

select * from polar_masking.polar_masking_policy;
 labelid |  name  | operator 
---------+--------+----------
       3 | label2 |        0
       4 | label1 |        0
(2 rows)

select * from polar_masking.polar_masking_policy_regex;
 labelid | start_pos | end_pos | regex | replace_text 
---------+-----------+---------+-------+--------------
(0 rows)

select polar_masking.polar_masking_remove_table_from_label('label1', 'public','test1');
 polar_masking_remove_table_from_label 
---------------------------------------
 
(1 row)

select polar_masking.polar_masking_apply_label_to_column('label1', 'public','test1', 'b');
 polar_masking_apply_label_to_column 
-------------------------------------
 
(1 row)

select polar_masking.polar_masking_apply_label_to_column('label2', 'public','test1', 'c');
 polar_masking_apply_label_to_column 
-------------------------------------
 
(1 row)

select polar_masking.polar_masking_create_label('label3');
 polar_masking_create_label 
----------------------------
 
(1 row)

select polar_masking.polar_masking_create_label('label4');
 polar_masking_create_label 
----------------------------
 
(1 row)

select polar_masking.polar_masking_apply_label_to_column('label3', 'public','test1', 'd');
 polar_masking_apply_label_to_column 
-------------------------------------
 
(1 row)

select polar_masking.polar_masking_apply_label_to_column('label4', 'public','test1', 'e');
 polar_masking_apply_label_to_column 
-------------------------------------
 
(1 row)

select  polar_masking.polar_masking_alter_label_maskingop('label1',  'shufflemasking');
 polar_masking_alter_label_maskingop 
-------------------------------------
 
(1 row)

select  polar_masking.polar_masking_alter_label_maskingop('label2',  'randommasking');
 polar_masking_alter_label_maskingop 
-------------------------------------
 
(1 row)

select  polar_masking.polar_masking_alter_label_maskingop_set_regexpmasking('label3', 5, 8, '[\d+]', 'abc');
 polar_masking_alter_label_maskingop_set_regexpmasking 
-------------------------------------------------------
 
(1 row)

select  polar_masking.polar_masking_alter_label_maskingop('label4',  'maskall');
 polar_masking_alter_label_maskingop 
-------------------------------------
 
(1 row)

select * from polar_masking.polar_masking_policy;
 labelid |  name  | operator 
---------+--------+----------
       4 | label1 |        5
       3 | label2 |        6
       5 | label3 |        7
       6 | label4 |        8
(4 rows)

select * from polar_masking.polar_masking_policy_regex;
 labelid | start_pos | end_pos | regex | replace_text 
---------+-----------+---------+-------+--------------
       5 |         5 |       8 | [\d+] | abc
(1 row)

select a,d,e,f from test1;
 a |             d              |          e          | f 
---+----------------------------+---------------------+---
 1 | abc-abcabcabcabc-1111-@1aa | xxxxxxxxxxxxxxxxxxx | a
 2 | ccccccaabbbb@a123a.com     | xxxxxxxxxx          | b
 3 | 1111abcabcabcabc1          | xxxxxxx             | 4
 4 | 1234abcabcabcabc9          | xxxxxxxxxx          | c
 5 | 1234abcabcabcabc9          | xxxxxxxxxx          | c
(5 rows)

select  polar_masking.polar_masking_alter_label_maskingop('label1',  'creditcardmasking');
 polar_masking_alter_label_maskingop 
-------------------------------------
 
(1 row)

select  polar_masking.polar_masking_alter_label_maskingop('label2',  'basicemailmasking');
 polar_masking_alter_label_maskingop 
-------------------------------------
 
(1 row)

select  polar_masking.polar_masking_alter_label_maskingop('label3',  'fullemailmasking');
 polar_masking_alter_label_maskingop 
-------------------------------------
 
(1 row)

select  polar_masking.polar_masking_alter_label_maskingop('label4',  'alldigitsmasking');
 polar_masking_alter_label_maskingop 
-------------------------------------
 
(1 row)

select * from polar_masking.polar_masking_policy;
 labelid |  name  | operator 
---------+--------+----------
       4 | label1 |        1
       3 | label2 |        2
       5 | label3 |        3
       6 | label4 |        4
(4 rows)

select * from polar_masking.polar_masking_policy_regex;
 labelid | start_pos | end_pos | regex | replace_text 
---------+-----------+---------+-------+--------------
(0 rows)

select * from test1;
 a |          b          |          c           |           d            |          e          | f 
---+---------------------+----------------------+------------------------+---------------------+---
 1 | xxxx-xxxx-xxxx-0011 | abc-1111-1111-0011   | abc-1111-1111-@1aa     | abbcc-xx-addd-@aa.a | a
 2 | xxxxxxx@aaaa.com    | xxxxxxxx@aaaa.com    | xxxxxxxxxxxx@xxxxx.com | d@a000.com          | b
 3 | xxxxxxx@aaaa.com    | 1abc-1111-1d11-0d011 | 111111111              | abcdefg             | 4
 4 | xxxxxxx@aaaa.com    | 1abc-1111-1d11-0d011 | 123456789              | abcdefg000          | c
 5 | xxxxxxx@aaaa.com    | 1abc-1111-1d11-0d011 | 123456789              | abcdefg000          | c
(5 rows)

select * from test1 where b = '1111111@aaaa.com';
 a |        b         |          c           |           d            |     e      | f 
---+------------------+----------------------+------------------------+------------+---
 2 | xxxxxxx@aaaa.com | xxxxxxxx@aaaa.com    | xxxxxxxxxxxx@xxxxx.com | d@a000.com | b
 3 | xxxxxxx@aaaa.com | 1abc-1111-1d11-0d011 | 111111111              | abcdefg    | 4
 4 | xxxxxxx@aaaa.com | 1abc-1111-1d11-0d011 | 123456789              | abcdefg000 | c
 5 | xxxxxxx@aaaa.com | 1abc-1111-1d11-0d011 | 123456789              | abcdefg000 | c
(4 rows)

select * from test1 where c = '1abc-1111-1d11-0d011';
 a |        b         |          c           |     d     |     e      | f 
---+------------------+----------------------+-----------+------------+---
 3 | xxxxxxx@aaaa.com | 1abc-1111-1d11-0d011 | 111111111 | abcdefg    | 4
 4 | xxxxxxx@aaaa.com | 1abc-1111-1d11-0d011 | 123456789 | abcdefg000 | c
 5 | xxxxxxx@aaaa.com | 1abc-1111-1d11-0d011 | 123456789 | abcdefg000 | c
(3 rows)

select * from test1 where d = '123456789';
 a |        b         |          c           |     d     |     e      | f 
---+------------------+----------------------+-----------+------------+---
 4 | xxxxxxx@aaaa.com | 1abc-1111-1d11-0d011 | 123456789 | abcdefg000 | c
 5 | xxxxxxx@aaaa.com | 1abc-1111-1d11-0d011 | 123456789 | abcdefg000 | c
(2 rows)

select * from test1 where e = 'abcdefg123';
 a |        b         |          c           |     d     |     e      | f 
---+------------------+----------------------+-----------+------------+---
 4 | xxxxxxx@aaaa.com | 1abc-1111-1d11-0d011 | 123456789 | abcdefg000 | c
 5 | xxxxxxx@aaaa.com | 1abc-1111-1d11-0d011 | 123456789 | abcdefg000 | c
(2 rows)

--complex query test
insert into test_masking.test2 values(1, '112233@aa.com', '1997-01-01', 'xiaoming');
insert into test_masking.test2 values(2, '112244@aa.com', '2000-01-01', 'xiaozhang1');
insert into test_masking.test2 values(2, '112255@aa.com', '2000-01-02', 'xiaozhang2');
insert into test_masking.test2 values(2, '1111111@aaaa.com', '2000-01-02', 'xiaozhang2');
insert into test_masking.test2 values(3, '1111111@aaaa.com', '2000-01-03', 'xiaoyang');
-- join ,subquery, cte
select * from test1,test_masking.test2   where test1.a = test_masking.test2.a;
 a |          b          |          c           |           d            |          e          | f | a |        b         |     c      |     d      
---+---------------------+----------------------+------------------------+---------------------+---+---+------------------+------------+------------
 1 | xxxx-xxxx-xxxx-0011 | abc-1111-1111-0011   | abc-1111-1111-@1aa     | abbcc-xx-addd-@aa.a | a | 1 | 112233@aa.com    | 1997-01-01 | xiaoming
 2 | xxxxxxx@aaaa.com    | xxxxxxxx@aaaa.com    | xxxxxxxxxxxx@xxxxx.com | d@a000.com          | b | 2 | 112244@aa.com    | 2000-01-01 | xiaozhang1
 2 | xxxxxxx@aaaa.com    | xxxxxxxx@aaaa.com    | xxxxxxxxxxxx@xxxxx.com | d@a000.com          | b | 2 | 112255@aa.com    | 2000-01-02 | xiaozhang2
 2 | xxxxxxx@aaaa.com    | xxxxxxxx@aaaa.com    | xxxxxxxxxxxx@xxxxx.com | d@a000.com          | b | 2 | 1111111@aaaa.com | 2000-01-02 | xiaozhang2
 3 | xxxxxxx@aaaa.com    | 1abc-1111-1d11-0d011 | 111111111              | abcdefg             | 4 | 3 | 1111111@aaaa.com | 2000-01-03 | xiaoyang
(5 rows)

select * from test1 left join test_masking.test2 on test1.a = test_masking.test2.a;
 a |          b          |          c           |           d            |          e          | f | a |        b         |     c      |     d      
---+---------------------+----------------------+------------------------+---------------------+---+---+------------------+------------+------------
 1 | xxxx-xxxx-xxxx-0011 | abc-1111-1111-0011   | abc-1111-1111-@1aa     | abbcc-xx-addd-@aa.a | a | 1 | 112233@aa.com    | 1997-01-01 | xiaoming
 2 | xxxxxxx@aaaa.com    | xxxxxxxx@aaaa.com    | xxxxxxxxxxxx@xxxxx.com | d@a000.com          | b | 2 | 112244@aa.com    | 2000-01-01 | xiaozhang1
 2 | xxxxxxx@aaaa.com    | xxxxxxxx@aaaa.com    | xxxxxxxxxxxx@xxxxx.com | d@a000.com          | b | 2 | 112255@aa.com    | 2000-01-02 | xiaozhang2
 2 | xxxxxxx@aaaa.com    | xxxxxxxx@aaaa.com    | xxxxxxxxxxxx@xxxxx.com | d@a000.com          | b | 2 | 1111111@aaaa.com | 2000-01-02 | xiaozhang2
 3 | xxxxxxx@aaaa.com    | 1abc-1111-1d11-0d011 | 111111111              | abcdefg             | 4 | 3 | 1111111@aaaa.com | 2000-01-03 | xiaoyang
 5 | xxxxxxx@aaaa.com    | 1abc-1111-1d11-0d011 | 123456789              | abcdefg000          | c |   |                  |            | 
 4 | xxxxxxx@aaaa.com    | 1abc-1111-1d11-0d011 | 123456789              | abcdefg000          | c |   |                  |            | 
(7 rows)

select * from test1 left join test_masking.test2 on test1.b = test_masking.test2.b;
 a |          b          |          c           |           d            |          e          | f | a |        b         |     c      |     d      
---+---------------------+----------------------+------------------------+---------------------+---+---+------------------+------------+------------
 5 | xxxxxxx@aaaa.com    | 1abc-1111-1d11-0d011 | 123456789              | abcdefg000          | c | 2 | 1111111@aaaa.com | 2000-01-02 | xiaozhang2
 4 | xxxxxxx@aaaa.com    | 1abc-1111-1d11-0d011 | 123456789              | abcdefg000          | c | 2 | 1111111@aaaa.com | 2000-01-02 | xiaozhang2
 3 | xxxxxxx@aaaa.com    | 1abc-1111-1d11-0d011 | 111111111              | abcdefg             | 4 | 2 | 1111111@aaaa.com | 2000-01-02 | xiaozhang2
 2 | xxxxxxx@aaaa.com    | xxxxxxxx@aaaa.com    | xxxxxxxxxxxx@xxxxx.com | d@a000.com          | b | 2 | 1111111@aaaa.com | 2000-01-02 | xiaozhang2
 5 | xxxxxxx@aaaa.com    | 1abc-1111-1d11-0d011 | 123456789              | abcdefg000          | c | 3 | 1111111@aaaa.com | 2000-01-03 | xiaoyang
 4 | xxxxxxx@aaaa.com    | 1abc-1111-1d11-0d011 | 123456789              | abcdefg000          | c | 3 | 1111111@aaaa.com | 2000-01-03 | xiaoyang
 3 | xxxxxxx@aaaa.com    | 1abc-1111-1d11-0d011 | 111111111              | abcdefg             | 4 | 3 | 1111111@aaaa.com | 2000-01-03 | xiaoyang
 2 | xxxxxxx@aaaa.com    | xxxxxxxx@aaaa.com    | xxxxxxxxxxxx@xxxxx.com | d@a000.com          | b | 3 | 1111111@aaaa.com | 2000-01-03 | xiaoyang
 1 | xxxx-xxxx-xxxx-0011 | abc-1111-1111-0011   | abc-1111-1111-@1aa     | abbcc-xx-addd-@aa.a | a |   |                  |            | 
(9 rows)

select * from test1 right join test_masking.test2 on test1.b = test_masking.test2.b;
 a |        b         |          c           |           d            |     e      | f | a |        b         |     c      |     d      
---+------------------+----------------------+------------------------+------------+---+---+------------------+------------+------------
   |                  |                      |                        |            |   | 1 | 112233@aa.com    | 1997-01-01 | xiaoming
   |                  |                      |                        |            |   | 2 | 112244@aa.com    | 2000-01-01 | xiaozhang1
   |                  |                      |                        |            |   | 2 | 112255@aa.com    | 2000-01-02 | xiaozhang2
 5 | xxxxxxx@aaaa.com | 1abc-1111-1d11-0d011 | 123456789              | abcdefg000 | c | 2 | 1111111@aaaa.com | 2000-01-02 | xiaozhang2
 4 | xxxxxxx@aaaa.com | 1abc-1111-1d11-0d011 | 123456789              | abcdefg000 | c | 2 | 1111111@aaaa.com | 2000-01-02 | xiaozhang2
 3 | xxxxxxx@aaaa.com | 1abc-1111-1d11-0d011 | 111111111              | abcdefg    | 4 | 2 | 1111111@aaaa.com | 2000-01-02 | xiaozhang2
 2 | xxxxxxx@aaaa.com | xxxxxxxx@aaaa.com    | xxxxxxxxxxxx@xxxxx.com | d@a000.com | b | 2 | 1111111@aaaa.com | 2000-01-02 | xiaozhang2
 5 | xxxxxxx@aaaa.com | 1abc-1111-1d11-0d011 | 123456789              | abcdefg000 | c | 3 | 1111111@aaaa.com | 2000-01-03 | xiaoyang
 4 | xxxxxxx@aaaa.com | 1abc-1111-1d11-0d011 | 123456789              | abcdefg000 | c | 3 | 1111111@aaaa.com | 2000-01-03 | xiaoyang
 3 | xxxxxxx@aaaa.com | 1abc-1111-1d11-0d011 | 111111111              | abcdefg    | 4 | 3 | 1111111@aaaa.com | 2000-01-03 | xiaoyang
 2 | xxxxxxx@aaaa.com | xxxxxxxx@aaaa.com    | xxxxxxxxxxxx@xxxxx.com | d@a000.com | b | 3 | 1111111@aaaa.com | 2000-01-03 | xiaoyang
(11 rows)

select a.a, b.* from test_masking.test2 a, (select * from test1) as b where a.a = b.a;
 a | a |          b          |          c           |           d            |          e          | f 
---+---+---------------------+----------------------+------------------------+---------------------+---
 1 | 1 | xxxx-xxxx-xxxx-0011 | abc-1111-1111-0011   | abc-1111-1111-@1aa     | abbcc-xx-addd-@aa.a | a
 2 | 2 | xxxxxxx@aaaa.com    | xxxxxxxx@aaaa.com    | xxxxxxxxxxxx@xxxxx.com | d@a000.com          | b
 2 | 2 | xxxxxxx@aaaa.com    | xxxxxxxx@aaaa.com    | xxxxxxxxxxxx@xxxxx.com | d@a000.com          | b
 2 | 2 | xxxxxxx@aaaa.com    | xxxxxxxx@aaaa.com    | xxxxxxxxxxxx@xxxxx.com | d@a000.com          | b
 3 | 3 | xxxxxxx@aaaa.com    | 1abc-1111-1d11-0d011 | 111111111              | abcdefg             | 4
(5 rows)

select *, (select b from test1 where a = 1) from test_masking.test2;
 a |        b         |     c      |     d      |          b          
---+------------------+------------+------------+---------------------
 1 | 112233@aa.com    | 1997-01-01 | xiaoming   | xxxx-xxxx-xxxx-0011
 2 | 112244@aa.com    | 2000-01-01 | xiaozhang1 | xxxx-xxxx-xxxx-0011
 2 | 112255@aa.com    | 2000-01-02 | xiaozhang2 | xxxx-xxxx-xxxx-0011
 2 | 1111111@aaaa.com | 2000-01-02 | xiaozhang2 | xxxx-xxxx-xxxx-0011
 3 | 1111111@aaaa.com | 2000-01-03 | xiaoyang   | xxxx-xxxx-xxxx-0011
(5 rows)

select * from test1 where b = (select b from  test_masking.test2 where a = 3);
 a |        b         |          c           |           d            |     e      | f 
---+------------------+----------------------+------------------------+------------+---
 2 | xxxxxxx@aaaa.com | xxxxxxxx@aaaa.com    | xxxxxxxxxxxx@xxxxx.com | d@a000.com | b
 3 | xxxxxxx@aaaa.com | 1abc-1111-1d11-0d011 | 111111111              | abcdefg    | 4
 4 | xxxxxxx@aaaa.com | 1abc-1111-1d11-0d011 | 123456789              | abcdefg000 | c
 5 | xxxxxxx@aaaa.com | 1abc-1111-1d11-0d011 | 123456789              | abcdefg000 | c
(4 rows)

select polar_masking.polar_masking_create_label('label5');
 polar_masking_create_label 
----------------------------
 
(1 row)

select polar_masking.polar_masking_apply_label_to_table('label5', 'test_masking','test2');
 polar_masking_apply_label_to_table 
------------------------------------
 
(1 row)

select  polar_masking.polar_masking_alter_label_maskingop_set_regexpmasking('label5', 0, 0, '[\d+]', '*');
 polar_masking_alter_label_maskingop_set_regexpmasking 
-------------------------------------------------------
 
(1 row)

select * from test1,test_masking.test2   where test1.a = test_masking.test2.a;
 a |          b          |          c           |           d            |          e          | f | a |        b         |     c      |     d      
---+---------------------+----------------------+------------------------+---------------------+---+---+------------------+------------+------------
 1 | xxxx-xxxx-xxxx-0011 | abc-1111-1111-0011   | abc-1111-1111-@1aa     | abbcc-xx-addd-@aa.a | a | 1 | ******@aa.com    | ****-**-** | xiaoming
 2 | xxxxxxx@aaaa.com    | xxxxxxxx@aaaa.com    | xxxxxxxxxxxx@xxxxx.com | d@a000.com          | b | 2 | ******@aa.com    | ****-**-** | xiaozhang*
 2 | xxxxxxx@aaaa.com    | xxxxxxxx@aaaa.com    | xxxxxxxxxxxx@xxxxx.com | d@a000.com          | b | 2 | ******@aa.com    | ****-**-** | xiaozhang*
 2 | xxxxxxx@aaaa.com    | xxxxxxxx@aaaa.com    | xxxxxxxxxxxx@xxxxx.com | d@a000.com          | b | 2 | *******@aaaa.com | ****-**-** | xiaozhang*
 3 | xxxxxxx@aaaa.com    | 1abc-1111-1d11-0d011 | 111111111              | abcdefg             | 4 | 3 | *******@aaaa.com | ****-**-** | xiaoyang
(5 rows)

select * from test1 left join test_masking.test2 on test1.a = test_masking.test2.a;
 a |          b          |          c           |           d            |          e          | f | a |        b         |     c      |     d      
---+---------------------+----------------------+------------------------+---------------------+---+---+------------------+------------+------------
 1 | xxxx-xxxx-xxxx-0011 | abc-1111-1111-0011   | abc-1111-1111-@1aa     | abbcc-xx-addd-@aa.a | a | 1 | ******@aa.com    | ****-**-** | xiaoming
 2 | xxxxxxx@aaaa.com    | xxxxxxxx@aaaa.com    | xxxxxxxxxxxx@xxxxx.com | d@a000.com          | b | 2 | ******@aa.com    | ****-**-** | xiaozhang*
 2 | xxxxxxx@aaaa.com    | xxxxxxxx@aaaa.com    | xxxxxxxxxxxx@xxxxx.com | d@a000.com          | b | 2 | ******@aa.com    | ****-**-** | xiaozhang*
 2 | xxxxxxx@aaaa.com    | xxxxxxxx@aaaa.com    | xxxxxxxxxxxx@xxxxx.com | d@a000.com          | b | 2 | *******@aaaa.com | ****-**-** | xiaozhang*
 3 | xxxxxxx@aaaa.com    | 1abc-1111-1d11-0d011 | 111111111              | abcdefg             | 4 | 3 | *******@aaaa.com | ****-**-** | xiaoyang
 5 | xxxxxxx@aaaa.com    | 1abc-1111-1d11-0d011 | 123456789              | abcdefg000          | c |   |                  |            | 
 4 | xxxxxxx@aaaa.com    | 1abc-1111-1d11-0d011 | 123456789              | abcdefg000          | c |   |                  |            | 
(7 rows)

select * from test1 left join test_masking.test2 on test1.b = test_masking.test2.b;
 a |          b          |          c           |           d            |          e          | f | a |        b         |     c      |     d      
---+---------------------+----------------------+------------------------+---------------------+---+---+------------------+------------+------------
 5 | xxxxxxx@aaaa.com    | 1abc-1111-1d11-0d011 | 123456789              | abcdefg000          | c | 2 | *******@aaaa.com | ****-**-** | xiaozhang*
 4 | xxxxxxx@aaaa.com    | 1abc-1111-1d11-0d011 | 123456789              | abcdefg000          | c | 2 | *******@aaaa.com | ****-**-** | xiaozhang*
 3 | xxxxxxx@aaaa.com    | 1abc-1111-1d11-0d011 | 111111111              | abcdefg             | 4 | 2 | *******@aaaa.com | ****-**-** | xiaozhang*
 2 | xxxxxxx@aaaa.com    | xxxxxxxx@aaaa.com    | xxxxxxxxxxxx@xxxxx.com | d@a000.com          | b | 2 | *******@aaaa.com | ****-**-** | xiaozhang*
 5 | xxxxxxx@aaaa.com    | 1abc-1111-1d11-0d011 | 123456789              | abcdefg000          | c | 3 | *******@aaaa.com | ****-**-** | xiaoyang
 4 | xxxxxxx@aaaa.com    | 1abc-1111-1d11-0d011 | 123456789              | abcdefg000          | c | 3 | *******@aaaa.com | ****-**-** | xiaoyang
 3 | xxxxxxx@aaaa.com    | 1abc-1111-1d11-0d011 | 111111111              | abcdefg             | 4 | 3 | *******@aaaa.com | ****-**-** | xiaoyang
 2 | xxxxxxx@aaaa.com    | xxxxxxxx@aaaa.com    | xxxxxxxxxxxx@xxxxx.com | d@a000.com          | b | 3 | *******@aaaa.com | ****-**-** | xiaoyang
 1 | xxxx-xxxx-xxxx-0011 | abc-1111-1111-0011   | abc-1111-1111-@1aa     | abbcc-xx-addd-@aa.a | a |   |                  |            | 
(9 rows)

select * from test1 right join test_masking.test2 on test1.b = test_masking.test2.b;
 a |        b         |          c           |           d            |     e      | f | a |        b         |     c      |     d      
---+------------------+----------------------+------------------------+------------+---+---+------------------+------------+------------
   |                  |                      |                        |            |   | 1 | ******@aa.com    | ****-**-** | xiaoming
   |                  |                      |                        |            |   | 2 | ******@aa.com    | ****-**-** | xiaozhang*
   |                  |                      |                        |            |   | 2 | ******@aa.com    | ****-**-** | xiaozhang*
 5 | xxxxxxx@aaaa.com | 1abc-1111-1d11-0d011 | 123456789              | abcdefg000 | c | 2 | *******@aaaa.com | ****-**-** | xiaozhang*
 4 | xxxxxxx@aaaa.com | 1abc-1111-1d11-0d011 | 123456789              | abcdefg000 | c | 2 | *******@aaaa.com | ****-**-** | xiaozhang*
 3 | xxxxxxx@aaaa.com | 1abc-1111-1d11-0d011 | 111111111              | abcdefg    | 4 | 2 | *******@aaaa.com | ****-**-** | xiaozhang*
 2 | xxxxxxx@aaaa.com | xxxxxxxx@aaaa.com    | xxxxxxxxxxxx@xxxxx.com | d@a000.com | b | 2 | *******@aaaa.com | ****-**-** | xiaozhang*
 5 | xxxxxxx@aaaa.com | 1abc-1111-1d11-0d011 | 123456789              | abcdefg000 | c | 3 | *******@aaaa.com | ****-**-** | xiaoyang
 4 | xxxxxxx@aaaa.com | 1abc-1111-1d11-0d011 | 123456789              | abcdefg000 | c | 3 | *******@aaaa.com | ****-**-** | xiaoyang
 3 | xxxxxxx@aaaa.com | 1abc-1111-1d11-0d011 | 111111111              | abcdefg    | 4 | 3 | *******@aaaa.com | ****-**-** | xiaoyang
 2 | xxxxxxx@aaaa.com | xxxxxxxx@aaaa.com    | xxxxxxxxxxxx@xxxxx.com | d@a000.com | b | 3 | *******@aaaa.com | ****-**-** | xiaoyang
(11 rows)

select a.a, b.* from test_masking.test2 a, (select * from test1) as b where a.a = b.a;
 a | a |          b          |          c           |           d            |          e          | f 
---+---+---------------------+----------------------+------------------------+---------------------+---
 1 | 1 | xxxx-xxxx-xxxx-0011 | abc-1111-1111-0011   | abc-1111-1111-@1aa     | abbcc-xx-addd-@aa.a | a
 2 | 2 | xxxxxxx@aaaa.com    | xxxxxxxx@aaaa.com    | xxxxxxxxxxxx@xxxxx.com | d@a000.com          | b
 2 | 2 | xxxxxxx@aaaa.com    | xxxxxxxx@aaaa.com    | xxxxxxxxxxxx@xxxxx.com | d@a000.com          | b
 2 | 2 | xxxxxxx@aaaa.com    | xxxxxxxx@aaaa.com    | xxxxxxxxxxxx@xxxxx.com | d@a000.com          | b
 3 | 3 | xxxxxxx@aaaa.com    | 1abc-1111-1d11-0d011 | 111111111              | abcdefg             | 4
(5 rows)

select *, (select b from test1 where a = 1) from test_masking.test2;
 a |        b         |     c      |     d      |          b          
---+------------------+------------+------------+---------------------
 1 | ******@aa.com    | ****-**-** | xiaoming   | xxxx-xxxx-xxxx-0011
 2 | ******@aa.com    | ****-**-** | xiaozhang* | xxxx-xxxx-xxxx-0011
 2 | ******@aa.com    | ****-**-** | xiaozhang* | xxxx-xxxx-xxxx-0011
 2 | *******@aaaa.com | ****-**-** | xiaozhang* | xxxx-xxxx-xxxx-0011
 3 | *******@aaaa.com | ****-**-** | xiaoyang   | xxxx-xxxx-xxxx-0011
(5 rows)

select  polar_masking.polar_masking_alter_label_maskingop_set_regexpmasking('label5', 0, 0, '(?<=xiao).{4}', '***');
 polar_masking_alter_label_maskingop_set_regexpmasking 
-------------------------------------------------------
 
(1 row)

select * from test1,test_masking.test2   where test1.a = test_masking.test2.a;
 a |          b          |          c           |           d            |          e          | f | a |        b         |     c      |     d     
---+---------------------+----------------------+------------------------+---------------------+---+---+------------------+------------+-----------
 1 | xxxx-xxxx-xxxx-0011 | abc-1111-1111-0011   | abc-1111-1111-@1aa     | abbcc-xx-addd-@aa.a | a | 1 | 112233@aa.com    | 1997-01-01 | xiao***
 2 | xxxxxxx@aaaa.com    | xxxxxxxx@aaaa.com    | xxxxxxxxxxxx@xxxxx.com | d@a000.com          | b | 2 | 112244@aa.com    | 2000-01-01 | xiao***g1
 2 | xxxxxxx@aaaa.com    | xxxxxxxx@aaaa.com    | xxxxxxxxxxxx@xxxxx.com | d@a000.com          | b | 2 | 112255@aa.com    | 2000-01-02 | xiao***g2
 2 | xxxxxxx@aaaa.com    | xxxxxxxx@aaaa.com    | xxxxxxxxxxxx@xxxxx.com | d@a000.com          | b | 2 | 1111111@aaaa.com | 2000-01-02 | xiao***g2
 3 | xxxxxxx@aaaa.com    | 1abc-1111-1d11-0d011 | 111111111              | abcdefg             | 4 | 3 | 1111111@aaaa.com | 2000-01-03 | xiao***
(5 rows)

select * from test1 left join test_masking.test2 on test1.a = test_masking.test2.a;
 a |          b          |          c           |           d            |          e          | f | a |        b         |     c      |     d     
---+---------------------+----------------------+------------------------+---------------------+---+---+------------------+------------+-----------
 1 | xxxx-xxxx-xxxx-0011 | abc-1111-1111-0011   | abc-1111-1111-@1aa     | abbcc-xx-addd-@aa.a | a | 1 | 112233@aa.com    | 1997-01-01 | xiao***
 2 | xxxxxxx@aaaa.com    | xxxxxxxx@aaaa.com    | xxxxxxxxxxxx@xxxxx.com | d@a000.com          | b | 2 | 112244@aa.com    | 2000-01-01 | xiao***g1
 2 | xxxxxxx@aaaa.com    | xxxxxxxx@aaaa.com    | xxxxxxxxxxxx@xxxxx.com | d@a000.com          | b | 2 | 112255@aa.com    | 2000-01-02 | xiao***g2
 2 | xxxxxxx@aaaa.com    | xxxxxxxx@aaaa.com    | xxxxxxxxxxxx@xxxxx.com | d@a000.com          | b | 2 | 1111111@aaaa.com | 2000-01-02 | xiao***g2
 3 | xxxxxxx@aaaa.com    | 1abc-1111-1d11-0d011 | 111111111              | abcdefg             | 4 | 3 | 1111111@aaaa.com | 2000-01-03 | xiao***
 5 | xxxxxxx@aaaa.com    | 1abc-1111-1d11-0d011 | 123456789              | abcdefg000          | c |   |                  |            | 
 4 | xxxxxxx@aaaa.com    | 1abc-1111-1d11-0d011 | 123456789              | abcdefg000          | c |   |                  |            | 
(7 rows)

select * from test1 left join test_masking.test2 on test1.b = test_masking.test2.b;
 a |          b          |          c           |           d            |          e          | f | a |        b         |     c      |     d     
---+---------------------+----------------------+------------------------+---------------------+---+---+------------------+------------+-----------
 5 | xxxxxxx@aaaa.com    | 1abc-1111-1d11-0d011 | 123456789              | abcdefg000          | c | 2 | 1111111@aaaa.com | 2000-01-02 | xiao***g2
 4 | xxxxxxx@aaaa.com    | 1abc-1111-1d11-0d011 | 123456789              | abcdefg000          | c | 2 | 1111111@aaaa.com | 2000-01-02 | xiao***g2
 3 | xxxxxxx@aaaa.com    | 1abc-1111-1d11-0d011 | 111111111              | abcdefg             | 4 | 2 | 1111111@aaaa.com | 2000-01-02 | xiao***g2
 2 | xxxxxxx@aaaa.com    | xxxxxxxx@aaaa.com    | xxxxxxxxxxxx@xxxxx.com | d@a000.com          | b | 2 | 1111111@aaaa.com | 2000-01-02 | xiao***g2
 5 | xxxxxxx@aaaa.com    | 1abc-1111-1d11-0d011 | 123456789              | abcdefg000          | c | 3 | 1111111@aaaa.com | 2000-01-03 | xiao***
 4 | xxxxxxx@aaaa.com    | 1abc-1111-1d11-0d011 | 123456789              | abcdefg000          | c | 3 | 1111111@aaaa.com | 2000-01-03 | xiao***
 3 | xxxxxxx@aaaa.com    | 1abc-1111-1d11-0d011 | 111111111              | abcdefg             | 4 | 3 | 1111111@aaaa.com | 2000-01-03 | xiao***
 2 | xxxxxxx@aaaa.com    | xxxxxxxx@aaaa.com    | xxxxxxxxxxxx@xxxxx.com | d@a000.com          | b | 3 | 1111111@aaaa.com | 2000-01-03 | xiao***
 1 | xxxx-xxxx-xxxx-0011 | abc-1111-1111-0011   | abc-1111-1111-@1aa     | abbcc-xx-addd-@aa.a | a |   |                  |            | 
(9 rows)

select * from test1 right join test_masking.test2 on test1.b = test_masking.test2.b;
 a |        b         |          c           |           d            |     e      | f | a |        b         |     c      |     d     
---+------------------+----------------------+------------------------+------------+---+---+------------------+------------+-----------
   |                  |                      |                        |            |   | 1 | 112233@aa.com    | 1997-01-01 | xiao***
   |                  |                      |                        |            |   | 2 | 112244@aa.com    | 2000-01-01 | xiao***g1
   |                  |                      |                        |            |   | 2 | 112255@aa.com    | 2000-01-02 | xiao***g2
 5 | xxxxxxx@aaaa.com | 1abc-1111-1d11-0d011 | 123456789              | abcdefg000 | c | 2 | 1111111@aaaa.com | 2000-01-02 | xiao***g2
 4 | xxxxxxx@aaaa.com | 1abc-1111-1d11-0d011 | 123456789              | abcdefg000 | c | 2 | 1111111@aaaa.com | 2000-01-02 | xiao***g2
 3 | xxxxxxx@aaaa.com | 1abc-1111-1d11-0d011 | 111111111              | abcdefg    | 4 | 2 | 1111111@aaaa.com | 2000-01-02 | xiao***g2
 2 | xxxxxxx@aaaa.com | xxxxxxxx@aaaa.com    | xxxxxxxxxxxx@xxxxx.com | d@a000.com | b | 2 | 1111111@aaaa.com | 2000-01-02 | xiao***g2
 5 | xxxxxxx@aaaa.com | 1abc-1111-1d11-0d011 | 123456789              | abcdefg000 | c | 3 | 1111111@aaaa.com | 2000-01-03 | xiao***
 4 | xxxxxxx@aaaa.com | 1abc-1111-1d11-0d011 | 123456789              | abcdefg000 | c | 3 | 1111111@aaaa.com | 2000-01-03 | xiao***
 3 | xxxxxxx@aaaa.com | 1abc-1111-1d11-0d011 | 111111111              | abcdefg    | 4 | 3 | 1111111@aaaa.com | 2000-01-03 | xiao***
 2 | xxxxxxx@aaaa.com | xxxxxxxx@aaaa.com    | xxxxxxxxxxxx@xxxxx.com | d@a000.com | b | 3 | 1111111@aaaa.com | 2000-01-03 | xiao***
(11 rows)

with test_cte as (select * from test_masking.test2) select * from test_cte;
 a |        b         |     c      |     d     
---+------------------+------------+-----------
 1 | 112233@aa.com    | 1997-01-01 | xiao***
 2 | 112244@aa.com    | 2000-01-01 | xiao***g1
 2 | 112255@aa.com    | 2000-01-02 | xiao***g2
 2 | 1111111@aaaa.com | 2000-01-02 | xiao***g2
 3 | 1111111@aaaa.com | 2000-01-03 | xiao***
(5 rows)

-- union
(select a,b,c,d from test1) union all (select * from test_masking.test2);
 a |          b          |          c           |           d            
---+---------------------+----------------------+------------------------
 1 | xxxx-xxxx-xxxx-0011 | abc-1111-1111-0011   | abc-1111-1111-@1aa
 2 | xxxxxxx@aaaa.com    | xxxxxxxx@aaaa.com    | xxxxxxxxxxxx@xxxxx.com
 3 | xxxxxxx@aaaa.com    | 1abc-1111-1d11-0d011 | 111111111
 4 | xxxxxxx@aaaa.com    | 1abc-1111-1d11-0d011 | 123456789
 5 | xxxxxxx@aaaa.com    | 1abc-1111-1d11-0d011 | 123456789
 1 | 112233@aa.com       | 1997-01-01           | xiao***
 2 | 112244@aa.com       | 2000-01-01           | xiao***g1
 2 | 112255@aa.com       | 2000-01-02           | xiao***g2
 2 | 1111111@aaaa.com    | 2000-01-02           | xiao***g2
 3 | 1111111@aaaa.com    | 2000-01-03           | xiao***
(10 rows)

(select a,b,c,d from test1) union all (select * from test_masking.test2) union all (select a,d,e,f from test1) ;
 a |           b            |          c           |           d            
---+------------------------+----------------------+------------------------
 1 | xxxx-xxxx-xxxx-0011    | abc-1111-1111-0011   | abc-1111-1111-@1aa
 2 | xxxxxxx@aaaa.com       | xxxxxxxx@aaaa.com    | xxxxxxxxxxxx@xxxxx.com
 3 | xxxxxxx@aaaa.com       | 1abc-1111-1d11-0d011 | 111111111
 4 | xxxxxxx@aaaa.com       | 1abc-1111-1d11-0d011 | 123456789
 5 | xxxxxxx@aaaa.com       | 1abc-1111-1d11-0d011 | 123456789
 1 | 112233@aa.com          | 1997-01-01           | xiao***
 2 | 112244@aa.com          | 2000-01-01           | xiao***g1
 2 | 112255@aa.com          | 2000-01-02           | xiao***g2
 2 | 1111111@aaaa.com       | 2000-01-02           | xiao***g2
 3 | 1111111@aaaa.com       | 2000-01-03           | xiao***
 1 | abc-1111-1111-@1aa     | abbcc-xx-addd-@aa.a  | a
 2 | xxxxxxxxxxxx@xxxxx.com | d@a000.com           | b
 3 | 111111111              | abcdefg              | 4
 4 | 123456789              | abcdefg000           | c
 5 | 123456789              | abcdefg000           | c
(15 rows)

-- agg
select string_agg(d, '---') from  test_masking.test2;
                      string_agg                       
-------------------------------------------------------
 xiao***---xiao***g1---xiao***g2---xiao***g2---xiao***
(1 row)

select array_agg(d) from test_masking.test2;
                    array_agg                    
-------------------------------------------------
 {xiao***,xiao***g1,xiao***g2,xiao***g2,xiao***}
(1 row)

select array_agg(distinct d) from test_masking.test2;
           array_agg           
-------------------------------
 {xiao***,xiao***g1,xiao***g2}
(1 row)

-- window
select d, row_number() over (partition by d order by d desc) as rank_row_number from test_masking.test2;
     d     | rank_row_number 
-----------+-----------------
 xiao***g2 |               1
 xiao***g2 |               2
 xiao***g1 |               1
 xiao***   |               1
 xiao***   |               2
(5 rows)

-- returning clause
insert into test_masking.test2 values(4, '1111111@aaaa.com', '2000-01-03', 'xiaoyang') returning b, c, d;
        b         |     c      |    d    
------------------+------------+---------
 1111111@aaaa.com | 2000-01-03 | xiao***
(1 row)

update test_masking.test2 set b = '11' where a = 4 returning b, c, d;
 b  |     c      |    d    
----+------------+---------
 11 | 2000-01-03 | xiao***
(1 row)

delete from test_masking.test2 where a = 4 returning b, c, d;
 b  |     c      |    d    
----+------------+---------
 11 | 2000-01-03 | xiao***
(1 row)

-- insert subquery
insert into test_masking.test2(a,b) select a,b from test1 where a = 5; 
select * from test_masking.test2;
 a |        b         |     c      |     d     
---+------------------+------------+-----------
 1 | 112233@aa.com    | 1997-01-01 | xiao***
 2 | 112244@aa.com    | 2000-01-01 | xiao***g1
 2 | 112255@aa.com    | 2000-01-02 | xiao***g2
 2 | 1111111@aaaa.com | 2000-01-02 | xiao***g2
 3 | 1111111@aaaa.com | 2000-01-03 | xiao***
 5 | xxxxxxx@aaaa.com |            | 
(6 rows)

-- clear
drop view test_view;
drop table test1;
drop schema test_masking cascade;
NOTICE:  drop cascades to 3 other objects
DETAIL:  drop cascades to table test_masking.test2
drop cascades to table test_masking.test3
drop cascades to table test_masking.test4
drop extension polar_masking;
